

<!DOCTYPE html>
<html class="writer-html5" lang="en" >
<head>
  <meta charset="utf-8" />
  
  <meta name="viewport" content="width=device-width, initial-scale=1.0" />
  
  <title>golden.project &mdash; golden-python 0.0 documentation</title>
  

  
  <link rel="stylesheet" href="../../_static/css/theme.css" type="text/css" />
  <link rel="stylesheet" href="../../_static/pygments.css" type="text/css" />

  
  

  
  

  

  
  <!--[if lt IE 9]>
    <script src="../../_static/js/html5shiv.min.js"></script>
  <![endif]-->
  
    
      <script type="text/javascript" id="documentation_options" data-url_root="../../" src="../../_static/documentation_options.js"></script>
        <script src="../../_static/jquery.js"></script>
        <script src="../../_static/underscore.js"></script>
        <script src="../../_static/doctools.js"></script>
    
    <script type="text/javascript" src="../../_static/js/theme.js"></script>

    
    <link rel="index" title="Index" href="../../genindex.html" />
    <link rel="search" title="Search" href="../../search.html" /> 
</head>

<body class="wy-body-for-nav">

   
  <div class="wy-grid-for-nav">
    
    <nav data-toggle="wy-nav-shift" class="wy-nav-side">
      <div class="wy-side-scroll">
        <div class="wy-side-nav-search" >
          

          
            <a href="../../index.html" class="icon icon-home"> golden-python
          

          
          </a>

          
            
            
          

          
<div role="search">
  <form id="rtd-search-form" class="wy-form" action="../../search.html" method="get">
    <input type="text" name="q" placeholder="Search docs" />
    <input type="hidden" name="check_keywords" value="yes" />
    <input type="hidden" name="area" value="default" />
  </form>
</div>

          
        </div>

        
        <div class="wy-menu wy-menu-vertical" data-spy="affix" role="navigation" aria-label="main navigation">
          
            
            
              
            
            
              <ul>
<li class="toctree-l1"><a class="reference internal" href="../../about/index.html">About</a></li>
<li class="toctree-l1"><a class="reference internal" href="../../examples/index.html">Documentation</a></li>
<li class="toctree-l1"><a class="reference internal" href="../../autodoc/index.html">Reference</a></li>
</ul>

            
          
        </div>
        
      </div>
    </nav>

    <section data-toggle="wy-nav-shift" class="wy-nav-content-wrap">

      
      <nav class="wy-nav-top" aria-label="top navigation">
        
          <i data-toggle="wy-nav-top" class="fa fa-bars"></i>
          <a href="../../index.html">golden-python</a>
        
      </nav>


      <div class="wy-nav-content">
        
        <div class="rst-content">
        
          

















<div role="navigation" aria-label="breadcrumbs navigation">

  <ul class="wy-breadcrumbs">
    
      <li><a href="../../index.html" class="icon icon-home"></a> &raquo;</li>
        
          <li><a href="../index.html">Module code</a> &raquo;</li>
        
      <li>golden.project</li>
    
    
      <li class="wy-breadcrumbs-aside">
        
      </li>
    
  </ul>

  
  <hr/>
</div>
          <div role="main" class="document" itemscope="itemscope" itemtype="http://schema.org/Article">
           <div itemprop="articleBody">
            
  <h1>Source code for golden.project</h1><div class="highlight"><pre>
<span></span><span class="sd">&quot;&quot;&quot;project.py&quot;&quot;&quot;</span>
<span class="c1"># import shutil</span>
<span class="c1"># import shlex</span>
<span class="kn">from</span> <span class="nn">typing</span> <span class="kn">import</span> <span class="n">Optional</span>

<span class="c1"># import numpy</span>

<span class="kn">from</span> <span class="nn">.subfolder.silver</span> <span class="kn">import</span> <span class="n">Bye</span>


<div class="viewcode-block" id="Hello"><a class="viewcode-back" href="../../autodoc/index.html#golden.Hello">[docs]</a><span class="k">class</span> <span class="nc">Hello</span><span class="p">:</span>
    <span class="sd">&quot;&quot;&quot;Hello class for the world</span>

<span class="sd">    It is a bit overloaded</span>
<span class="sd">    &quot;&quot;&quot;</span>

    <span class="k">def</span> <span class="fm">__init__</span><span class="p">(</span><span class="bp">self</span><span class="p">,</span> <span class="n">name</span><span class="p">:</span> <span class="n">Optional</span><span class="p">[</span><span class="nb">str</span><span class="p">]</span> <span class="o">=</span> <span class="s2">&quot;nokx&quot;</span><span class="p">)</span> <span class="o">-&gt;</span> <span class="kc">None</span><span class="p">:</span>
        <span class="sd">&quot;&quot;&quot;construct a hello world attribute with the given argument</span>

<span class="sd">        :param name: a name</span>
<span class="sd">        :return: None</span>
<span class="sd">        &quot;&quot;&quot;</span>
        <span class="nb">super</span><span class="p">()</span><span class="o">.</span><span class="fm">__init__</span><span class="p">()</span>
        <span class="bp">self</span><span class="o">.</span><span class="n">msg</span> <span class="o">=</span> <span class="n">Hello</span><span class="o">.</span><span class="n">pretty</span><span class="p">(</span><span class="n">name</span><span class="p">)</span>

<div class="viewcode-block" id="Hello.pretty"><a class="viewcode-back" href="../../autodoc/index.html#golden.Hello.pretty">[docs]</a>    <span class="nd">@staticmethod</span>
    <span class="k">def</span> <span class="nf">pretty</span><span class="p">(</span><span class="n">name</span><span class="p">:</span> <span class="n">Optional</span><span class="p">[</span><span class="nb">str</span><span class="p">]</span> <span class="o">=</span> <span class="s2">&quot;nokx&quot;</span><span class="p">)</span> <span class="o">-&gt;</span> <span class="nb">str</span><span class="p">:</span>
        <span class="sd">&quot;&quot;&quot;pretty print an hello world with the given argument</span>

<span class="sd">        :param name: a name</span>
<span class="sd">        &quot;&quot;&quot;</span>
        <span class="k">return</span> <span class="sa">f</span><span class="s2">&quot;hello </span><span class="si">{</span><span class="n">name</span><span class="si">}</span><span class="s2">&quot;</span></div>

<div class="viewcode-block" id="Hello.dummy_bye"><a class="viewcode-back" href="../../autodoc/index.html#golden.Hello.dummy_bye">[docs]</a>    <span class="k">def</span> <span class="nf">dummy_bye</span><span class="p">(</span><span class="bp">self</span><span class="p">)</span> <span class="o">-&gt;</span> <span class="nb">str</span><span class="p">:</span>
        <span class="sd">&quot;&quot;&quot;pretty dummy_bye&quot;&quot;&quot;</span>
        <span class="n">dummy_bye</span> <span class="o">=</span> <span class="n">Bye</span><span class="p">()</span>
        <span class="k">return</span> <span class="bp">self</span><span class="o">.</span><span class="n">msg</span> <span class="o">+</span> <span class="s2">&quot; and &quot;</span> <span class="o">+</span> <span class="n">dummy_bye</span><span class="o">.</span><span class="n">pretty</span><span class="o">.</span><span class="n">decode</span><span class="p">()</span></div></div>
</pre></div>

           </div>
           
          </div>
          <footer>

  <hr/>

  <div role="contentinfo">
    <p>
        &#169; Copyright MIT.

    </p>
  </div>
    
    
    
    Built with <a href="https://www.sphinx-doc.org/">Sphinx</a> using a
    
    <a href="https://github.com/readthedocs/sphinx_rtd_theme">theme</a>
    
    provided by <a href="https://readthedocs.org">Read the Docs</a>. 

</footer>
        </div>
      </div>

    </section>

  </div>
  

  <script type="text/javascript">
      jQuery(function () {
          SphinxRtdTheme.Navigation.enable(true);
      });
  </script>

  
  
    
   

</body>
</html>