

<!DOCTYPE html>
<html class="writer-html5" lang="en" >
<head>
  <meta charset="utf-8" />
  
  <meta name="viewport" content="width=device-width, initial-scale=1.0" />
  
  <title>golden.subfolder.silver &mdash; golden_python 0.0 documentation</title>
  

  
  <link rel="stylesheet" href="../../../_static/css/theme.css" type="text/css" />
  <link rel="stylesheet" href="../../../_static/pygments.css" type="text/css" />

  
  

  
  

  

  
  <!--[if lt IE 9]>
    <script src="../../../_static/js/html5shiv.min.js"></script>
  <![endif]-->
  
    
      <script type="text/javascript" id="documentation_options" data-url_root="../../../" src="../../../_static/documentation_options.js"></script>
        <script src="../../../_static/jquery.js"></script>
        <script src="../../../_static/underscore.js"></script>
        <script src="../../../_static/doctools.js"></script>
    
    <script type="text/javascript" src="../../../_static/js/theme.js"></script>

    
    <link rel="index" title="Index" href="../../../genindex.html" />
    <link rel="search" title="Search" href="../../../search.html" /> 
</head>

<body class="wy-body-for-nav">

   
  <div class="wy-grid-for-nav">
    
    <nav data-toggle="wy-nav-shift" class="wy-nav-side">
      <div class="wy-side-scroll">
        <div class="wy-side-nav-search" >
          

          
            <a href="../../../index.html" class="icon icon-home"> golden_python
          

          
          </a>

          
            
            
          

          
<div role="search">
  <form id="rtd-search-form" class="wy-form" action="../../../search.html" method="get">
    <input type="text" name="q" placeholder="Search docs" />
    <input type="hidden" name="check_keywords" value="yes" />
    <input type="hidden" name="area" value="default" />
  </form>
</div>

          
        </div>

        
        <div class="wy-menu wy-menu-vertical" data-spy="affix" role="navigation" aria-label="main navigation">
          
            
            
              
            
            
              <ul>
<li class="toctree-l1"><a class="reference internal" href="../../../about/index.html">About</a></li>
<li class="toctree-l1"><a class="reference internal" href="../../../examples/index.html">Documentation</a></li>
<li class="toctree-l1"><a class="reference internal" href="../../../autodoc/index.html">Reference</a></li>
</ul>

            
          
        </div>
        
      </div>
    </nav>

    <section data-toggle="wy-nav-shift" class="wy-nav-content-wrap">

      
      <nav class="wy-nav-top" aria-label="top navigation">
        
          <i data-toggle="wy-nav-top" class="fa fa-bars"></i>
          <a href="../../../index.html">golden_python</a>
        
      </nav>


      <div class="wy-nav-content">
        
        <div class="rst-content">
        
          

















<div role="navigation" aria-label="breadcrumbs navigation">

  <ul class="wy-breadcrumbs">
    
      <li><a href="../../../index.html" class="icon icon-home"></a> &raquo;</li>
        
          <li><a href="../../index.html">Module code</a> &raquo;</li>
        
      <li>golden.subfolder.silver</li>
    
    
      <li class="wy-breadcrumbs-aside">
        
      </li>
    
  </ul>

  
  <hr/>
</div>
          <div role="main" class="document" itemscope="itemscope" itemtype="http://schema.org/Article">
           <div itemprop="articleBody">
            
  <h1>Source code for golden.subfolder.silver</h1><div class="highlight"><pre>
<div class="viewcode-block" id="Bye"><a class="viewcode-back" href="../../../autodoc/index.html#golden.Bye">[docs]</a><span></span><span class="k">class</span> <span class="nc">Bye</span><span class="p">(</span><span class="nb">object</span><span class="p">):</span>
    <span class="sd">&quot;&quot;&quot;Bye class</span>

<span class="sd">    say Bye in bytes</span>
<span class="sd">    &quot;&quot;&quot;</span>

    <span class="n">bye</span><span class="p">:</span> <span class="nb">bytes</span> <span class="o">=</span> <span class="sa">b</span><span class="s2">&quot;bye&quot;</span>

    <span class="k">def</span> <span class="fm">__add__</span><span class="p">(</span><span class="bp">self</span><span class="p">,</span> <span class="n">name</span><span class="p">:</span> <span class="nb">str</span><span class="p">)</span> <span class="o">-&gt;</span> <span class="nb">bytes</span><span class="p">:</span>
        <span class="sd">&quot;&quot;&quot;add name</span>

<span class="sd">        :param name: a name</span>
<span class="sd">        :type name: str</span>
<span class="sd">        :return: the bye name</span>
<span class="sd">        :rtype: bytes</span>
<span class="sd">        &quot;&quot;&quot;</span>
        <span class="k">return</span> <span class="bp">self</span><span class="o">.</span><span class="n">bye</span> <span class="o">+</span> <span class="sa">b</span><span class="s2">&quot; &quot;</span> <span class="o">+</span> <span class="n">name</span><span class="o">.</span><span class="n">encode</span><span class="p">(</span><span class="s2">&quot;utf-8&quot;</span><span class="p">)</span>

    <span class="nd">@property</span>  <span class="c1"># getter</span>
    <span class="k">def</span> <span class="nf">pretty</span><span class="p">(</span><span class="bp">self</span><span class="p">)</span> <span class="o">-&gt;</span> <span class="nb">bytes</span><span class="p">:</span>
        <span class="k">return</span> <span class="bp">self</span><span class="o">.</span><span class="n">bye</span> <span class="o">+</span> <span class="bp">self</span><span class="o">.</span><span class="n">bye</span></div>
</pre></div>

           </div>
           
          </div>
          <footer>

  <hr/>

  <div role="contentinfo">
    <p>
        &#169; Copyright MIT.

    </p>
  </div>
    
    
    
    Built with <a href="https://www.sphinx-doc.org/">Sphinx</a> using a
    
    <a href="https://github.com/readthedocs/sphinx_rtd_theme">theme</a>
    
    provided by <a href="https://readthedocs.org">Read the Docs</a>. 

</footer>
        </div>
      </div>

    </section>

  </div>
  

  <script type="text/javascript">
      jQuery(function () {
          SphinxRtdTheme.Navigation.enable(true);
      });
  </script>

  
  
    
   

</body>
</html>